// Jest Snapshot v1, https://goo.gl/fbAQLP

exports[`Rating component renders correctly 1`] = `
<div
  className="Rating"
>
  <form
    className="Rating__form"
  >
    <div
      className="Rating__title"
    >
      Rate this product
    </div>
    <fieldset
      className="Rating__stars"
    >
      <span
        className="Star"
      >
        <input
          checked={false}
          className="Star__radio"
          disabled={false}
          id="rating-some-random-id-stars-1"
          name="stars-rating-some-random-id"
          onChange={[Function]}
          type="radio"
          value={1}
        />
        <label
          className="Star__label"
          htmlFor="rating-some-random-id-stars-1"
        />
      </span>
      <span
        className="Star"
      >
        <input
          checked={false}
          className="Star__radio"
          disabled={false}
          id="rating-some-random-id-stars-2"
          name="stars-rating-some-random-id"
          onChange={[Function]}
          type="radio"
          value={2}
        />
        <label
          className="Star__label"
          htmlFor="rating-some-random-id-stars-2"
        />
      </span>
      <span
        className="Star"
      >
        <input
          checked={false}
          className="Star__radio"
          disabled={false}
          id="rating-some-random-id-stars-3"
          name="stars-rating-some-random-id"
          onChange={[Function]}
          type="radio"
          value={3}
        />
        <label
          className="Star__label"
          htmlFor="rating-some-random-id-stars-3"
        />
      </span>
      <span
        className="Star"
      >
        <input
          checked={false}
          className="Star__radio"
          disabled={false}
          id="rating-some-random-id-stars-4"
          name="stars-rating-some-random-id"
          onChange={[Function]}
          type="radio"
          value={4}
        />
        <label
          className="Star__label"
          htmlFor="rating-some-random-id-stars-4"
        />
      </span>
      <span
        className="Star"
      >
        <input
          checked={false}
          className="Star__radio"
          disabled={false}
          id="rating-some-random-id-stars-5"
          name="stars-rating-some-random-id"
          onChange={[Function]}
          type="radio"
          value={5}
        />
        <label
          className="Star__label"
          htmlFor="rating-some-random-id-stars-5"
        />
      </span>
    </fieldset>
    <button
      className="Rating__button"
      disabled={false}
      onClick={[Function]}
    >
      Apply
    </button>
  </form>
</div>
`;
